=~=~=~=~=~=~=~=~=~=~=~= PuTTY log 2023.05.18 09:21:23 =~=~=~=~=~=~=~=~=~=~=~=
vagrant ssh

[vagrant@lvm /]$ sudo lvcreate -n LogVol_Home -L 2G /dev/VolGroup00 
WARNING: xfs signature detected on /dev/VolGroup00/LogVol_Home at offset 0. Wipe it? [y/n]: y
  Wiping xfs signature on /dev/VolGroup00/LogVol_Home.
  Logical volume "LogVol_Home" created.
[vagrant@lvm /]$ sudo mkfs.xfs /dev/VolGroup00/LogVol_Home
meta-data=/dev/VolGroup00/LogVol_Home isize=512    agcount=4, agsize=131072 blks
         =                       sectsz=512   attr=2, projid32bit=1
         =                       crc=1        finobt=0, sparse=0
data     =                       bsize=4096   blocks=524288, imaxpct=25
         =                       sunit=0      swidth=0 blks
naming   =version 2              bsize=4096   ascii-ci=0 ftype=1
log      =internal log           bsize=4096   blocks=2560, version=2
         =                       sectsz=512   sunit=0 blks, lazy-count=1
realtime =none                   extsz=4096   blocks=0, rtextents=0
[vagrant@lvm /]$ sudo mount /dev/VolGroup00/LogVol_Home /mnt/ 
[vagrant@lvm home]$ sudo cp -aR /home/* /mnt/ 
[vagrant@lvm home]$ sudo rm -rf /home/* 
[vagrant@lvm home]$ sudo umount /mnt 
[vagrant@lvm home]$ sudo mount /dev/VolGroup00/LogVol_Home /home/ 
[vagrant@lvm home]$ su root
Password: 
[root@lvm home]# echo "`blkid | grep Home | awk '{print $2}'` /home xfs defaults 0 0" >> /etc/fstab /home
[root@lvm home]# cat /etc/fstab 

#
# /etc/fstab
# Created by anaconda on Sat May 12 18:50:26 2018
#
# Accessible filesystems, by reference, are maintained under '/dev/disk'
# See man pages fstab(5), findfs(8), mount(8) and/or blkid(8) for more info
#
/dev/mapper/VolGroup00-LogVol00 /                       xfs     defaults        0 0
UUID=570897ca-e759-4c81-90cf-389da6eee4cc /boot                   xfs     defaults        0 0
/dev/mapper/VolGroup00-LogVol01 swap                    swap    defaults        0 0
#VAGRANT-BEGIN
# The contents below are automatically generated by Vagrant. Do not modify.
#VAGRANT-END
UUID="ec72cd33-a889-4b20-9200-c17ff04b26aa" /var ext4 defaults 0 0

UUID="94cba0a9-61d1-46f5-9291-6c1b45caa797" /home xfs defaults 0 0 /home

[root@lvm home]#  touch /home/file{1..20} 
[root@lvm home]# lvcreate -L 100MB -s -n home_snap /dev/VolGroup00/LogVol_Home 
  Rounding up size to full physical extent 128.00 MiB
  Logical volume "home_snap" created.
[root@lvm home]# rm -f /home/file{11..20} 
[root@lvm home]# umount /home 
[root@lvm home]# lvconvert --merge /dev/VolGroup00/home_snap 
  Merging of volume VolGroup00/home_snap started.
  VolGroup00/LogVol_Home: Merged: 100.00%
[root@lvm home]# mount /dev/VolGroup00/LogVol_Home /home/ 
[root@lvm home]# mount /dev/VolGroup00/LogVol_Home /home/ ls
file1  file10  file11  file12  file13  file14  file15  file16  file17  file18  file19  file2  file20  file3  file4  file5  file6  file7  file8  file9  test.log
[root@lvm home]# 